// Jest Snapshot v1, https://goo.gl/fbAQLP

exports[`Pruebas sobre <GifExperApp /> Debe coincidir con el snapshot 1`] = `
<div>
  <h2>
    GifExperApp
  </h2>
  <AddCategory
    setCategories={[Function]}
  />
  <hr />
  <ol />
</div>
`;
