// Jest Snapshot v1, https://goo.gl/fbAQLP

exports[`Pruebas sobre <GifGrid /> Debe ser igual al snapshot  1`] = `
<Fragment>
  <h3
    className="animate__animated animate__fadeInDown"
  >
    One Punch
  </h3>
  <p
    className="animate__animated animate__flash"
  >
    Loading
  </p>
  <div
    className="card-grid"
  />
</Fragment>
`;

exports[`Pruebas sobre <GifGrid /> debe de mostrar items cuando se cargan im√°genes con useFecthGifs 1`] = `
<Fragment>
  <h3
    className="animate__animated animate__fadeInDown"
  >
    One Punch
  </h3>
  <div
    className="card-grid"
  >
    <GifGridItem
      id="ABC"
      key="ABC"
      title=" cualquier cosa"
      url="https://localhost/cualquier/cosa.jpg"
    />
  </div>
</Fragment>
`;
